Traceback (most recent call last):
  File "/nfs/see-fs-02_users/earjcti/PYTHON/PROGRAMS/PLIOMIP3/assess_spinup/TOA_rad_inbal_timeseries.py", line 15, in <module>
    import numpy as np
  File "/nfs/hera1/earjcti/anaconda3/envs/foelinpy/lib/python3.10/site-packages/numpy/__init__.py", line 155, in <module>
    from . import random
  File "/nfs/hera1/earjcti/anaconda3/envs/foelinpy/lib/python3.10/site-packages/numpy/random/__init__.py", line 180, in <module>
    from . import _pickle
  File "/nfs/hera1/earjcti/anaconda3/envs/foelinpy/lib/python3.10/site-packages/numpy/random/_pickle.py", line 4, in <module>
    from ._sfc64 import SFC64
  File "<frozen importlib._bootstrap>", line 404, in parent
KeyboardInterrupt
/uolstore/Research/a/hera1/earjcti/um/xqbwd/pcpd/xqbwda#pd000003000??+.nc
12 73 96
/uolstore/Research/a/hera1/earjcti/um/xqbwd/pcpd/xqbwda#pd000003001??+.nc
12 73 96
/uolstore/Research/a/hera1/earjcti/um/xqbwd/pcpd/xqbwda#pd000003002??+.nc
12 73 96
/uolstore/Research/a/hera1/earjcti/um/xqbwd/pcpd/xqbwda#pd000003003??+.nc
12 73 96
/uolstore/Research/a/hera1/earjcti/um/xqbwd/pcpd/xqbwda#pd000003004??+.nc
12 73 96
/uolstore/Research/a/hera1/earjcti/um/xqbwd/pcpd/xqbwda#pd000003005??+.nc
12 73 96
/uolstore/Research/a/hera1/earjcti/um/xqbwd/pcpd/xqbwda#pd000003006??+.nc
12 73 96
/uolstore/Research/a/hera1/earjcti/um/xqbwd/pcpd/xqbwda#pd000003007??+.nc
12 73 96
/uolstore/Research/a/hera1/earjcti/um/xqbwd/pcpd/xqbwda#pd000003008??+.nc
12 73 96
/uolstore/Research/a/hera1/earjcti/um/xqbwd/pcpd/xqbwda#pd000003009??+.nc
12 73 96
/uolstore/Research/a/hera1/earjcti/um/xqbwd/pcpd/xqbwda#pd000003010??+.nc
12 73 96
/uolstore/Research/a/hera1/earjcti/um/xqbwd/pcpd/xqbwda#pd000003011??+.nc
12 73 96
/uolstore/Research/a/hera1/earjcti/um/xqbwd/pcpd/xqbwda#pd000003012??+.nc
12 73 96
/uolstore/Research/a/hera1/earjcti/um/xqbwd/pcpd/xqbwda#pd000003013??+.nc
12 73 96
/uolstore/Research/a/hera1/earjcti/um/xqbwd/pcpd/xqbwda#pd000003014??+.nc
12 73 96
/uolstore/Research/a/hera1/earjcti/um/xqbwd/pcpd/xqbwda#pd000003015??+.nc
12 73 96
/uolstore/Research/a/hera1/earjcti/um/xqbwd/pcpd/xqbwda#pd000003016??+.nc
12 73 96
/uolstore/Research/a/hera1/earjcti/um/xqbwd/pcpd/xqbwda#pd000003017??+.nc
12 73 96
/uolstore/Research/a/hera1/earjcti/um/xqbwd/pcpd/xqbwda#pd000003018??+.nc
12 73 96
/uolstore/Research/a/hera1/earjcti/um/xqbwd/pcpd/xqbwda#pd000003019??+.nc
12 73 96
/uolstore/Research/a/hera1/earjcti/um/xqbwd/pcpd/xqbwda#pd000003020??+.nc
12 73 96
/uolstore/Research/a/hera1/earjcti/um/xqbwd/pcpd/xqbwda#pd000003021??+.nc
12 73 96
/uolstore/Research/a/hera1/earjcti/um/xqbwd/pcpd/xqbwda#pd000003022??+.nc
12 73 96
/uolstore/Research/a/hera1/earjcti/um/xqbwd/pcpd/xqbwda#pd000003023??+.nc
12 73 96
/uolstore/Research/a/hera1/earjcti/um/xqbwd/pcpd/xqbwda#pd000003024??+.nc
12 73 96
/uolstore/Research/a/hera1/earjcti/um/xqbwd/pcpd/xqbwda#pd000003025??+.nc
12 73 96
/uolstore/Research/a/hera1/earjcti/um/xqbwd/pcpd/xqbwda#pd000003026??+.nc
12 73 96
/uolstore/Research/a/hera1/earjcti/um/xqbwd/pcpd/xqbwda#pd000003027??+.nc
12 73 96
/uolstore/Research/a/hera1/earjcti/um/xqbwd/pcpd/xqbwda#pd000003028??+.nc
12 73 96
/uolstore/Research/a/hera1/earjcti/um/xqbwd/pcpd/xqbwda#pd000003029??+.nc
12 73 96
/uolstore/Research/a/hera1/earjcti/um/xqbwd/pcpd/xqbwda#pd000003030??+.nc
12 73 96
/uolstore/Research/a/hera1/earjcti/um/xqbwd/pcpd/xqbwda#pd000003031??+.nc
12 73 96
/uolstore/Research/a/hera1/earjcti/um/xqbwd/pcpd/xqbwda#pd000003032??+.nc
12 73 96
/uolstore/Research/a/hera1/earjcti/um/xqbwd/pcpd/xqbwda#pd000003033??+.nc
12 73 96
/uolstore/Research/a/hera1/earjcti/um/xqbwd/pcpd/xqbwda#pd000003034??+.nc
12 73 96
/uolstore/Research/a/hera1/earjcti/um/xqbwd/pcpd/xqbwda#pd000003035??+.nc
12 73 96
/uolstore/Research/a/hera1/earjcti/um/xqbwd/pcpd/xqbwda#pd000003036??+.nc
failure on xqbwd
Traceback (most recent call last):
  File "/uolstore/home/staff_lnxhome02/earjcti/PYTHON/PROGRAMS/PLIOMIP3/spinup_and_timeseries/TOA_rad_inbal_timeseries.py", line 17, in <module>
    import matplotlib as mp
  File "/uolstore/Research/a/hera1/earjcti/anaconda3/envs/overturning/lib/python3.12/site-packages/matplotlib/__init__.py", line 161, in <module>
    from . import _api, _version, cbook, _docstring, rcsetup
  File "/uolstore/Research/a/hera1/earjcti/anaconda3/envs/overturning/lib/python3.12/site-packages/matplotlib/rcsetup.py", line 27, in <module>
    from matplotlib.colors import Colormap, is_color_like
  File "/uolstore/Research/a/hera1/earjcti/anaconda3/envs/overturning/lib/python3.12/site-packages/matplotlib/colors.py", line 52, in <module>
    from PIL import Image
  File "/uolstore/Research/a/hera1/earjcti/anaconda3/envs/overturning/lib/python3.12/site-packages/PIL/Image.py", line 43, in <module>
    import defusedxml.ElementTree as ElementTree
  File "<frozen importlib._bootstrap>", line 1354, in _find_and_load
  File "<frozen importlib._bootstrap>", line 1316, in _find_and_load_unlocked
  File "<frozen importlib._bootstrap>", line 1256, in _find_spec
  File "<frozen importlib._bootstrap_external>", line 1524, in find_spec
  File "<frozen importlib._bootstrap_external>", line 1498, in _get_spec
  File "<frozen importlib._bootstrap_external>", line 1597, in find_spec
  File "<frozen importlib._bootstrap_external>", line 147, in _path_stat
KeyboardInterrupt
